// Jest Snapshot v1, https://goo.gl/fbAQLP

exports[`should render the Expense Dashboard Page 1`] = `
<div>
  This is from the dashboard component
  <Connect(ExpenseListFilters) />
  <Connect(ExpenseList) />
</div>
`;
